[2026-06-09T03:04:43.774543+00:00] cedula=0705675074 drenador iniciado command=/home/yandriuchuari/server/DashboardBZA/venv/bin/python /home/yandriuchuari/server/DashboardBZA/inventario_bonanza/manage.py drain_person_lookups --limit 5 --timeout-seconds 120 --sleep 1
pending=1 processed=1 timed_out=0 failed=0
[2026-06-09T03:07:16.725554+00:00] cedula=0705675076 error al iniciar:
Traceback (most recent call last):
  File "/home/yandriuchuari/server/DashboardBZA/inventario_bonanza/gestion_personal/views.py", line 708, in start_person_lookup_process
    active = subprocess.run(
             ^^^^^^^^^^^^^^^
  File "/usr/lib/python3.11/subprocess.py", line 548, in run
    with Popen(*popenargs, **kwargs) as process:
         ^^^^^^^^^^^^^^^^^^^^^^^^^^^
  File "/usr/lib/python3.11/subprocess.py", line 1024, in __init__
    self._execute_child(args, executable, preexec_fn, close_fds,
  File "/usr/lib/python3.11/subprocess.py", line 1901, in _execute_child
    raise child_exception_type(errno_num, err_msg, err_filename)
FileNotFoundError: [Errno 2] No such file or directory: 'ps'

[2026-06-09T03:25:30.297035+00:00] cedula=0705675076 error al iniciar:
Traceback (most recent call last):
  File "/home/yandriuchuari/server/DashboardBZA/inventario_bonanza/gestion_personal/views.py", line 709, in start_person_lookup_process
    active = subprocess.run(
             ^^^^^^^^^^^^^^^
  File "/usr/lib/python3.11/subprocess.py", line 548, in run
    with Popen(*popenargs, **kwargs) as process:
         ^^^^^^^^^^^^^^^^^^^^^^^^^^^
  File "/usr/lib/python3.11/subprocess.py", line 1024, in __init__
    self._execute_child(args, executable, preexec_fn, close_fds,
  File "/usr/lib/python3.11/subprocess.py", line 1901, in _execute_child
    raise child_exception_type(errno_num, err_msg, err_filename)
FileNotFoundError: [Errno 2] No such file or directory: 'ps'

[2026-06-09T03:25:49.290315+00:00] cedula=0908108939 error al iniciar:
Traceback (most recent call last):
  File "/home/yandriuchuari/server/DashboardBZA/inventario_bonanza/gestion_personal/views.py", line 709, in start_person_lookup_process
    active = subprocess.run(
             ^^^^^^^^^^^^^^^
  File "/usr/lib/python3.11/subprocess.py", line 548, in run
    with Popen(*popenargs, **kwargs) as process:
         ^^^^^^^^^^^^^^^^^^^^^^^^^^^
  File "/usr/lib/python3.11/subprocess.py", line 1024, in __init__
    self._execute_child(args, executable, preexec_fn, close_fds,
  File "/usr/lib/python3.11/subprocess.py", line 1901, in _execute_child
    raise child_exception_type(errno_num, err_msg, err_filename)
FileNotFoundError: [Errno 2] No such file or directory: 'ps'

[2026-06-09T03:52:56.732084+00:00] cedula=0908108939 error al iniciar:
Traceback (most recent call last):
  File "/home/yandriuchuari/server/DashboardBZA/inventario_bonanza/gestion_personal/views.py", line 709, in start_person_lookup_process
    active = subprocess.run(
             ^^^^^^^^^^^^^^^
  File "/usr/lib/python3.11/subprocess.py", line 548, in run
    with Popen(*popenargs, **kwargs) as process:
         ^^^^^^^^^^^^^^^^^^^^^^^^^^^
  File "/usr/lib/python3.11/subprocess.py", line 1024, in __init__
    self._execute_child(args, executable, preexec_fn, close_fds,
  File "/usr/lib/python3.11/subprocess.py", line 1901, in _execute_child
    raise child_exception_type(errno_num, err_msg, err_filename)
FileNotFoundError: [Errno 2] No such file or directory: 'ps'

[2026-06-09T03:56:28.264884+00:00] cedula=0908108939 error al iniciar:
Traceback (most recent call last):
  File "/home/yandriuchuari/server/DashboardBZA/inventario_bonanza/gestion_personal/views.py", line 709, in start_person_lookup_process
    active = subprocess.run(
             ^^^^^^^^^^^^^^^
  File "/usr/lib/python3.11/subprocess.py", line 548, in run
    with Popen(*popenargs, **kwargs) as process:
         ^^^^^^^^^^^^^^^^^^^^^^^^^^^
  File "/usr/lib/python3.11/subprocess.py", line 1024, in __init__
    self._execute_child(args, executable, preexec_fn, close_fds,
  File "/usr/lib/python3.11/subprocess.py", line 1901, in _execute_child
    raise child_exception_type(errno_num, err_msg, err_filename)
FileNotFoundError: [Errno 2] No such file or directory: 'ps'

[2026-06-09T14:22:17.148541+00:00] cedula=0908108939 error al iniciar:
Traceback (most recent call last):
  File "/home/yandriuchuari/server/DashboardBZA/inventario_bonanza/gestion_personal/views.py", line 709, in start_person_lookup_process
    active = subprocess.run(
             ^^^^^^^^^^^^^^^
  File "/usr/lib/python3.11/subprocess.py", line 548, in run
    with Popen(*popenargs, **kwargs) as process:
         ^^^^^^^^^^^^^^^^^^^^^^^^^^^
  File "/usr/lib/python3.11/subprocess.py", line 1024, in __init__
    self._execute_child(args, executable, preexec_fn, close_fds,
  File "/usr/lib/python3.11/subprocess.py", line 1901, in _execute_child
    raise child_exception_type(errno_num, err_msg, err_filename)
FileNotFoundError: [Errno 2] No such file or directory: 'ps'

[2026-06-11T01:47:28.572402+00:00] cedula=0705675064 drenador iniciado command=/home/yandriuchuari/server/DashboardBZA/venv/bin/python /home/yandriuchuari/server/DashboardBZA/inventario_bonanza/manage.py drain_person_lookups --limit 5 --timeout-seconds 120 --sleep 1
pending=1 processed=1 timed_out=0 failed=0
[2026-06-11T01:50:27.651445+00:00] cedula=0705760825 drenador iniciado command=/home/yandriuchuari/server/DashboardBZA/venv/bin/python /home/yandriuchuari/server/DashboardBZA/inventario_bonanza/manage.py drain_person_lookups --limit 5 --timeout-seconds 120 --sleep 1
pending=1 processed=1 timed_out=0 failed=0
[2026-06-11T03:40:21.809097+00:00] cedula=0751015033 drenador iniciado command=/home/yandriuchuari/server/DashboardBZA/venv/bin/python /home/yandriuchuari/server/DashboardBZA/inventario_bonanza/manage.py drain_person_lookups --limit 5 --timeout-seconds 120 --sleep 1
pending=1 processed=1 timed_out=0 failed=0
[2026-06-11T03:41:58.413090+00:00] cedula=0905942181 drenador iniciado command=/home/yandriuchuari/server/DashboardBZA/venv/bin/python /home/yandriuchuari/server/DashboardBZA/inventario_bonanza/manage.py drain_person_lookups --limit 5 --timeout-seconds 120 --sleep 1
pending=1 processed=1 timed_out=0 failed=0
[2026-06-11T03:43:49.397889+00:00] cedula=0921954368 drenador iniciado command=/home/yandriuchuari/server/DashboardBZA/venv/bin/python /home/yandriuchuari/server/DashboardBZA/inventario_bonanza/manage.py drain_person_lookups --limit 5 --timeout-seconds 120 --sleep 1
pending=1 processed=1 timed_out=0 failed=0
[2026-06-11T03:44:51.969524+00:00] cedula=0930147798 drenador iniciado command=/home/yandriuchuari/server/DashboardBZA/venv/bin/python /home/yandriuchuari/server/DashboardBZA/inventario_bonanza/manage.py drain_person_lookups --limit 5 --timeout-seconds 120 --sleep 1
pending=1 processed=1 timed_out=0 failed=0
[2026-06-11T03:45:43.359501+00:00] cedula=0604061168 drenador iniciado command=/home/yandriuchuari/server/DashboardBZA/venv/bin/python /home/yandriuchuari/server/DashboardBZA/inventario_bonanza/manage.py drain_person_lookups --limit 5 --timeout-seconds 120 --sleep 1
pending=1 processed=1 timed_out=0 failed=0
[2026-06-11T03:47:52.204288+00:00] cedula=1250206172 drenador iniciado command=/home/yandriuchuari/server/DashboardBZA/venv/bin/python /home/yandriuchuari/server/DashboardBZA/inventario_bonanza/manage.py drain_person_lookups --limit 5 --timeout-seconds 120 --sleep 1
pending=1 processed=1 timed_out=0 failed=0
[2026-06-11T04:03:17.950572+00:00] cedula=0932656739 drenador iniciado command=/home/yandriuchuari/server/DashboardBZA/venv/bin/python /home/yandriuchuari/server/DashboardBZA/inventario_bonanza/manage.py drain_person_lookups --limit 5 --timeout-seconds 120 --sleep 1
pending=1 processed=1 timed_out=0 failed=0
[2026-06-11T13:41:35.126025+00:00] cedula=0105192975 drenador iniciado command=/home/yandriuchuari/server/DashboardBZA/venv/bin/python /home/yandriuchuari/server/DashboardBZA/inventario_bonanza/manage.py drain_person_lookups --limit 5 --timeout-seconds 120 --sleep 1
pending=1 processed=1 timed_out=0 failed=0
[2026-06-15T03:57:46.413878+00:00] cedula=0700488364 drenador iniciado command=/home/yandriuchuari/server/DashboardBZA/venv/bin/python /home/yandriuchuari/server/DashboardBZA/inventario_bonanza/manage.py drain_person_lookups --limit 5 --timeout-seconds 120 --sleep 1
pending=1 processed=1 timed_out=0 failed=0
[2026-06-15T04:01:25.533206+00:00] cedula=0705330447 drenador iniciado command=/home/yandriuchuari/server/DashboardBZA/venv/bin/python /home/yandriuchuari/server/DashboardBZA/inventario_bonanza/manage.py drain_person_lookups --limit 5 --timeout-seconds 120 --sleep 1
pending=1 processed=1 timed_out=0 failed=0
[2026-06-18T00:21:34.343464+00:00] cedula=1301302550 drenador iniciado command=/home/yandriuchuari/server/DashboardBZA/venv/bin/python /home/yandriuchuari/server/DashboardBZA/inventario_bonanza/manage.py drain_person_lookups --limit 5 --timeout-seconds 120 --sleep 1
pending=1 processed=1 timed_out=0 failed=0
[2026-06-19T00:30:08.474774+00:00] cedula=1207019314 drenador iniciado command=/home/yandriuchuari/server/DashboardBZA/venv/bin/python /home/yandriuchuari/server/DashboardBZA/inventario_bonanza/manage.py drain_person_lookups --limit 5 --timeout-seconds 120 --sleep 1
pending=1 processed=1 timed_out=0 failed=0
[2026-06-23T17:04:48.363618+00:00] cedula=1720451671 drenador iniciado command=/home/yandriuchuari/server/DashboardBZA/venv/bin/python /home/yandriuchuari/server/DashboardBZA/inventario_bonanza/manage.py drain_person_lookups --limit 5 --timeout-seconds 120 --sleep 1
pending=1 processed=1 timed_out=0 failed=0
[2026-07-06T13:52:47.820455+00:00] cedula=2450593658 drenador iniciado command=/home/yandriuchuari/server/DashboardBZA/venv/bin/python /home/yandriuchuari/server/DashboardBZA/inventario_bonanza/manage.py drain_person_lookups --limit 5 --timeout-seconds 120 --sleep 1
pending=1 processed=1 timed_out=0 failed=0
[2026-07-06T14:13:40.163299+00:00] cedula=2450593658 drenador iniciado command=/home/yandriuchuari/server/DashboardBZA/venv/bin/python /home/yandriuchuari/server/DashboardBZA/inventario_bonanza/manage.py drain_person_lookups --limit 5 --timeout-seconds 120 --sleep 1
pending=1 processed=1 timed_out=0 failed=0
[2026-07-10T13:54:34.619830+00:00] cedula=1705829420 drenador iniciado command=/root/bonanza/venv/bin/python3 /root/bonanza/inventario_bonanza/manage.py drain_person_lookups --limit 5 --timeout-seconds 120 --sleep 1
pending=1 processed=1 timed_out=0 failed=0
[2026-07-13T20:37:09.989823+00:00] cedula=1717320657 drenador iniciado command=/root/bonanza/venv/bin/python3 /root/bonanza/inventario_bonanza/manage.py drain_person_lookups --limit 5 --timeout-seconds 120 --sleep 1
pending=1 processed=1 timed_out=0 failed=0
[2026-07-15T14:57:39.867765+00:00] cedula=2350897670 drenador iniciado command=/root/bonanza/venv/bin/python3 /root/bonanza/inventario_bonanza/manage.py drain_person_lookups --limit 5 --timeout-seconds 120 --sleep 1
pending=1 processed=1 timed_out=0 failed=0
[2026-08-26T03:32:56.330758+00:00] cedula=0957895395 drenador iniciado command=/root/bonanza/venv/bin/python3 /root/bonanza/inventario_bonanza/manage.py drain_person_lookups --limit 5 --timeout-seconds 120 --sleep 1
pending=1 processed=1 timed_out=0 failed=0
[2026-08-26T03:33:46.179772+00:00] cedula=0957895295 drenador iniciado command=/root/bonanza/venv/bin/python3 /root/bonanza/inventario_bonanza/manage.py drain_person_lookups --limit 5 --timeout-seconds 120 --sleep 1
pending=1 processed=1 timed_out=0 failed=0
